{
  "title": "Valar Morghulis",
  "author": "A man has no name",
  "email": "jaqen@hotmail.com",
  "url": "http://example.net"
}
