<!doctype html>
<html>
<head>
  <title>Valar Morghulis</title>
</head>
<body>
  <h1><a href="http://example.net">Valar Morghulis</a></h1>
  <p>hello world</p>
</body>
</html>
