<!doctype html>
<html lang="en">

<head>
  <meta http-equiv="Content-Type" content="text/html; charset=UTF-8">
  <meta name="viewport" content="width=device-width, initial-scale=1, viewport-fit=cover">


  <title>gonzo journalism: Cats</title>



</head>

<body>
  <header>
    <div class="title">
      <h1><a href="/">gonzo journalism</a></h1>
      <br>
      <h4>By <a href="/about">Hunter S. Thompson</a></h4>
    </div>
  </header>


<article>
  <header>

    <h2>&rarr; <a href="https://placekitten.com">Cats</a></h2>

    <time>18th December, 2019</time>
    <a class="permalink" href="/posts/2019/12/cats">&infin;</a>
  </header>
  <p>Cats are neat. Look at these kittens!</p>
</article>



  <footer class="container">
    &copy; 2006 - 2019 <a href="/about">Hunter S. Thompson</a>
  </footer>


</body>
</html>
