<!doctype html>
<html>
<head>
  <title>Nvidia, fuck you!</title>
</head>
<body>
  <h1><a href="http://example.net">Nvidia, fuck you!</a></h1>

  <ul>

    <li><a href="/projects/linux">linux</a></li>

  </ul>
</body>
</html>
