<!doctype html>
<html lang="en">

<head>
  <meta http-equiv="Content-Type" content="text/html; charset=UTF-8">
  <meta name="viewport" content="width=device-width, initial-scale=1, viewport-fit=cover">


  <title>gonzo journalism: December 2019</title>



</head>

<body>
  <header>
    <div class="title">
      <h1><a href="/">gonzo journalism</a></h1>
      <br>
      <h4>By <a href="/about">Hunter S. Thompson</a></h4>
    </div>
  </header>



<div class="month">
  <h1>December 2019</h1>
</div>


  <article>
  <header>

    <h2>&rarr; <a href="https://placekitten.com">Cats</a></h2>

    <time>18th December, 2019</time>
    <a class="permalink" href="/posts/2019/12/cats">&infin;</a>
  </header>
  <p>Cats are neat. Look at these kittens!</p>
</article>


  <article>
  <header>

    <h2><a href="/posts/2019/12/fear-and-loathing">Fear and Loathing in Las Vegas</a></h2>

    <time>9th December, 2019</time>
    <a class="permalink" href="/posts/2019/12/fear-and-loathing">&infin;</a>
  </header>
  <p>We were somewhere around Barstow on the edge of the desert when the drugs began to take hold.</p>
</article>





  <footer class="container">
    &copy; 2006 - 2019 <a href="/about">Hunter S. Thompson</a>
  </footer>


</body>
</html>
