<!doctype html>
<html>
<head>
  <title>Nvidia, fuck you!: linux</title>
</head>
<body>
  <h1>linux</h1>
  <h3>a (free) operating system (just a hobby, won't be big and professional like gnu)</h4>
</body>
</html>
