<!doctype html>
<html>
<head>
  <title>Valar Morghulis</title>

  <link rel="stylesheet" href="/css/reset.css">

  <link rel="stylesheet" href="/css/my-stuff.css">

</head>
<body>
  <h1><a href="http://example.net">Valar Morghulis</a></h1>
  <p>hello world</p>
</body>
</html>
